581cb9f49b1f51a0c1c285c9fde6b1da21e7094f7c19efb6eeace1ada858