sorted0 {"exBudgetCPU":29873,"exBudgetMemory":200,"scriptSizeBytes":29}
sorted1 {"exBudgetCPU":29873,"exBudgetMemory":200,"scriptSizeBytes":19}
unsorted2 {"exBudgetCPU":29873,"exBudgetMemory":200,"scriptSizeBytes":29}