<=.1<=2 (program 1.0.0 True)
<=.!(2<=1) (program 1.0.0 False)
<=.1 (program 1.0.0 False)
<=.2 (program 1.0.0 False)
round trip tests.1 (program 1.0.0 #a141c0a149736f6d65746f6b656e01)
round trip tests.2 (program 1.0.0 #a141c0a149736f6d65746f6b656e02)
round trip tests.3 (program 1.0.0 #a141c0a246746f6b656e310146746f6b656e3201)
round trip tests.4 (program 1.0.0 #a141c0a146746f6b656e3102)
assetClassValue.assetClassValue (program 1.0.0 #a141c0a149736f6d65746f6b656e01)
assetClassValueOf.1 (program 1.0.0 True)
assetClassValueOf.2 (program 1.0.0 True)
assetClassValueOf.3 (program 1.0.0 True)
assetClassValueOf.4 (program 1.0.0 True)
valSub.1 (program 1.0.0 True)
valSub.2 (program 1.0.0 True)
valSub.3 (program 1.0.0 True)
valSub.4 (program 1.0.0 True)
valSub.5 (program 1.0.0 True)
valSub.6 (program 1.0.0 True)
value monoid.1 (program 1.0.0 True)
value monoid.2 (program 1.0.0 True)
value monoid.3 (program 1.0.0 True)
value monoid.4 (program 1.0.0 True)
value monoid.5 (program 1.0.0 True)
value monoid.7 (program 1.0.0 True)
value monoid.8 (program 1.0.0 True)
<> inverts valSub.1 (program 1.0.0 True)
<> inverts valSub.2 (program 1.0.0 True)
<> inverts valSub.3 (program 1.0.0 True)
<> inverts valSub.4 (program 1.0.0 True)
<> inverts valSub.5 (program 1.0.0 True)
<> inverts valSub.6 (program 1.0.0 True)
getCotiuingOutputs.1 (program 1.0.0 True)
getCotiuingOutputs.2 (program 1.0.0 True)
getCotiuingOutputs.3 (program 1.0.0 True)
getCotiuingOutputs.4 (program 1.0.0 True)
findDatum.1 (program 1.0.0 True)
findDatum.2 (program 1.0.0 True)
findDatum.3 (program 1.0.0 True)
findOwnInput.1 (program 1.0.0 True)
findOwnInput.2 (program 1.0.0 True)