0 {"exBudgetCPU":837149,"exBudgetMemory":1496,"scriptSizeBytes":149}