tf (program 1.0.0 (force ((\i0 -> \i0 -> force ifThenElse i2 (delay True) i1) True (delay False))))
ft (program 1.0.0 (force ((\i0 -> \i0 -> force ifThenElse i2 (delay True) i1) False (delay True))))
tt (program 1.0.0 (force ((\i0 -> \i0 -> force ifThenElse i2 (delay True) i1) True (delay True))))
ff (program 1.0.0 (force ((\i0 -> \i0 -> force ifThenElse i2 (delay True) i1) False (delay False))))