tf (program 1.0.0 True)
ft (program 1.0.0 True)
tt (program 1.0.0 True)
ff (program 1.0.0 False)