exa1.== (program 1.0.0 ((\i0 -> \i0 -> i2 (\i0 -> \i0 -> i3 (\i0 -> \i0 -> force ((\i0 -> \i0 -> force ifThenElse i2 i1 (delay False)) (equalsInteger i4 i2) (delay (equalsInteger i3 i1)))))) (\i0 -> i1 1 2) (\i0 -> i1 1 2)))
exa1.<= (program 1.0.0 ((\i0 -> (\i0 -> \i0 -> i2 (\i0 -> \i0 -> i3 (\i0 -> \i0 -> force ((\i0 -> \i0 -> i9 i2 (delay True) i1) (lessThanInteger i4 i2) (delay (force ((\i0 -> \i0 -> i9 i2 i1 (delay False)) (equalsInteger i4 i2) (delay (lessThanEqualsInteger i3 i1))))))))) (\i0 -> i1 1 2) (\i0 -> i1 1 2)) (force ifThenElse)))
exa1.< (program 1.0.0 ((\i0 -> (\i0 -> \i0 -> i2 (\i0 -> \i0 -> i3 (\i0 -> \i0 -> force ((\i0 -> \i0 -> i9 i2 (delay True) i1) (lessThanInteger i4 i2) (delay (force ((\i0 -> \i0 -> i9 i2 i1 (delay False)) (equalsInteger i4 i2) (delay (lessThanInteger i3 i1))))))))) (\i0 -> i1 1 2) (\i0 -> i1 1 2)) (force ifThenElse)))
exa2.== (program 1.0.0 ((\i0 -> \i0 -> i2 (\i0 -> \i0 -> i3 (\i0 -> \i0 -> force ((\i0 -> \i0 -> force ifThenElse i2 i1 (delay False)) (equalsInteger i4 i2) (delay (equalsInteger i3 i1)))))) (\i0 -> i1 1 2) (\i0 -> i1 2 1)))
exa2.<= (program 1.0.0 ((\i0 -> (\i0 -> \i0 -> i2 (\i0 -> \i0 -> i3 (\i0 -> \i0 -> force ((\i0 -> \i0 -> i9 i2 (delay True) i1) (lessThanInteger i4 i2) (delay (force ((\i0 -> \i0 -> i9 i2 i1 (delay False)) (equalsInteger i4 i2) (delay (lessThanEqualsInteger i3 i1))))))))) (\i0 -> i1 1 2) (\i0 -> i1 2 1)) (force ifThenElse)))
exa2.< (program 1.0.0 ((\i0 -> (\i0 -> \i0 -> i2 (\i0 -> \i0 -> i3 (\i0 -> \i0 -> force ((\i0 -> \i0 -> i9 i2 (delay True) i1) (lessThanInteger i4 i2) (delay (force ((\i0 -> \i0 -> i9 i2 i1 (delay False)) (equalsInteger i4 i2) (delay (lessThanInteger i3 i1))))))))) (\i0 -> i1 1 2) (\i0 -> i1 2 1)) (force ifThenElse)))
exa3.== (program 1.0.0 ((\i0 -> \i0 -> i2 (\i0 -> \i0 -> i3 (\i0 -> \i0 -> force ((\i0 -> \i0 -> force ifThenElse i2 i1 (delay False)) (equalsInteger i4 i2) (delay (equalsInteger i3 i1)))))) (\i0 -> i1 1 2) (\i0 -> i1 1 1)))
exa3.<= (program 1.0.0 ((\i0 -> (\i0 -> \i0 -> i2 (\i0 -> \i0 -> i3 (\i0 -> \i0 -> force ((\i0 -> \i0 -> i9 i2 (delay True) i1) (lessThanInteger i4 i2) (delay (force ((\i0 -> \i0 -> i9 i2 i1 (delay False)) (equalsInteger i4 i2) (delay (lessThanEqualsInteger i3 i1))))))))) (\i0 -> i1 1 2) (\i0 -> i1 1 1)) (force ifThenElse)))
exa3.< (program 1.0.0 ((\i0 -> (\i0 -> \i0 -> i2 (\i0 -> \i0 -> i3 (\i0 -> \i0 -> force ((\i0 -> \i0 -> i9 i2 (delay True) i1) (lessThanInteger i4 i2) (delay (force ((\i0 -> \i0 -> i9 i2 i1 (delay False)) (equalsInteger i4 i2) (delay (lessThanInteger i3 i1))))))))) (\i0 -> i1 1 2) (\i0 -> i1 1 1)) (force ifThenElse)))
exa4.== (program 1.0.0 ((\i0 -> \i0 -> i2 (\i0 -> \i0 -> i3 (\i0 -> \i0 -> force ((\i0 -> \i0 -> force ifThenElse i2 i1 (delay False)) (equalsInteger i4 i2) (delay (equalsInteger i3 i1)))))) (\i0 -> i1 1 2) (\i0 -> i1 2 2)))
exa4.<= (program 1.0.0 ((\i0 -> (\i0 -> \i0 -> i2 (\i0 -> \i0 -> i3 (\i0 -> \i0 -> force ((\i0 -> \i0 -> i9 i2 (delay True) i1) (lessThanInteger i4 i2) (delay (force ((\i0 -> \i0 -> i9 i2 i1 (delay False)) (equalsInteger i4 i2) (delay (lessThanEqualsInteger i3 i1))))))))) (\i0 -> i1 1 2) (\i0 -> i1 2 2)) (force ifThenElse)))
exa4.< (program 1.0.0 ((\i0 -> (\i0 -> \i0 -> i2 (\i0 -> \i0 -> i3 (\i0 -> \i0 -> force ((\i0 -> \i0 -> i9 i2 (delay True) i1) (lessThanInteger i4 i2) (delay (force ((\i0 -> \i0 -> i9 i2 i1 (delay False)) (equalsInteger i4 i2) (delay (lessThanInteger i3 i1))))))))) (\i0 -> i1 1 2) (\i0 -> i1 2 2)) (force ifThenElse)))
exa5.== (program 1.0.0 ((\i0 -> \i0 -> i2 (\i0 -> \i0 -> i3 (\i0 -> \i0 -> force ((\i0 -> \i0 -> force ifThenElse i2 i1 (delay False)) (equalsInteger i4 i2) (delay (equalsInteger i3 i1)))))) (\i0 -> i1 2 1) (\i0 -> i1 1 2)))
exa5.<= (program 1.0.0 ((\i0 -> (\i0 -> \i0 -> i2 (\i0 -> \i0 -> i3 (\i0 -> \i0 -> force ((\i0 -> \i0 -> i9 i2 (delay True) i1) (lessThanInteger i4 i2) (delay (force ((\i0 -> \i0 -> i9 i2 i1 (delay False)) (equalsInteger i4 i2) (delay (lessThanEqualsInteger i3 i1))))))))) (\i0 -> i1 2 1) (\i0 -> i1 1 2)) (force ifThenElse)))
exa5.< (program 1.0.0 ((\i0 -> (\i0 -> \i0 -> i2 (\i0 -> \i0 -> i3 (\i0 -> \i0 -> force ((\i0 -> \i0 -> i9 i2 (delay True) i1) (lessThanInteger i4 i2) (delay (force ((\i0 -> \i0 -> i9 i2 i1 (delay False)) (equalsInteger i4 i2) (delay (lessThanInteger i3 i1))))))))) (\i0 -> i1 2 1) (\i0 -> i1 1 2)) (force ifThenElse)))
exa6.== (program 1.0.0 ((\i0 -> \i0 -> i2 (\i0 -> \i0 -> i3 (\i0 -> \i0 -> force ((\i0 -> \i0 -> force ifThenElse i2 i1 (delay False)) (equalsInteger i4 i2) (delay (equalsInteger i3 i1)))))) (\i0 -> i1 2 1) (\i0 -> i1 2 1)))
exa6.<= (program 1.0.0 ((\i0 -> (\i0 -> \i0 -> i2 (\i0 -> \i0 -> i3 (\i0 -> \i0 -> force ((\i0 -> \i0 -> i9 i2 (delay True) i1) (lessThanInteger i4 i2) (delay (force ((\i0 -> \i0 -> i9 i2 i1 (delay False)) (equalsInteger i4 i2) (delay (lessThanEqualsInteger i3 i1))))))))) (\i0 -> i1 2 1) (\i0 -> i1 2 1)) (force ifThenElse)))
exa6.< (program 1.0.0 ((\i0 -> (\i0 -> \i0 -> i2 (\i0 -> \i0 -> i3 (\i0 -> \i0 -> force ((\i0 -> \i0 -> i9 i2 (delay True) i1) (lessThanInteger i4 i2) (delay (force ((\i0 -> \i0 -> i9 i2 i1 (delay False)) (equalsInteger i4 i2) (delay (lessThanInteger i3 i1))))))))) (\i0 -> i1 2 1) (\i0 -> i1 2 1)) (force ifThenElse)))
exa7.== (program 1.0.0 ((\i0 -> \i0 -> i2 (\i0 -> \i0 -> i3 (\i0 -> \i0 -> force ((\i0 -> \i0 -> force ifThenElse i2 i1 (delay False)) (equalsInteger i4 i2) (delay (equalsInteger i3 i1)))))) (\i0 -> i1 2 1) (\i0 -> i1 1 1)))
exa7.<= (program 1.0.0 ((\i0 -> (\i0 -> \i0 -> i2 (\i0 -> \i0 -> i3 (\i0 -> \i0 -> force ((\i0 -> \i0 -> i9 i2 (delay True) i1) (lessThanInteger i4 i2) (delay (force ((\i0 -> \i0 -> i9 i2 i1 (delay False)) (equalsInteger i4 i2) (delay (lessThanEqualsInteger i3 i1))))))))) (\i0 -> i1 2 1) (\i0 -> i1 1 1)) (force ifThenElse)))
exa7.< (program 1.0.0 ((\i0 -> (\i0 -> \i0 -> i2 (\i0 -> \i0 -> i3 (\i0 -> \i0 -> force ((\i0 -> \i0 -> i9 i2 (delay True) i1) (lessThanInteger i4 i2) (delay (force ((\i0 -> \i0 -> i9 i2 i1 (delay False)) (equalsInteger i4 i2) (delay (lessThanInteger i3 i1))))))))) (\i0 -> i1 2 1) (\i0 -> i1 1 1)) (force ifThenElse)))
exa8.== (program 1.0.0 ((\i0 -> \i0 -> i2 (\i0 -> \i0 -> i3 (\i0 -> \i0 -> force ((\i0 -> \i0 -> force ifThenElse i2 i1 (delay False)) (equalsInteger i4 i2) (delay (equalsInteger i3 i1)))))) (\i0 -> i1 2 1) (\i0 -> i1 2 2)))
exa8.<= (program 1.0.0 ((\i0 -> (\i0 -> \i0 -> i2 (\i0 -> \i0 -> i3 (\i0 -> \i0 -> force ((\i0 -> \i0 -> i9 i2 (delay True) i1) (lessThanInteger i4 i2) (delay (force ((\i0 -> \i0 -> i9 i2 i1 (delay False)) (equalsInteger i4 i2) (delay (lessThanEqualsInteger i3 i1))))))))) (\i0 -> i1 2 1) (\i0 -> i1 2 2)) (force ifThenElse)))
exa8.< (program 1.0.0 ((\i0 -> (\i0 -> \i0 -> i2 (\i0 -> \i0 -> i3 (\i0 -> \i0 -> force ((\i0 -> \i0 -> i9 i2 (delay True) i1) (lessThanInteger i4 i2) (delay (force ((\i0 -> \i0 -> i9 i2 i1 (delay False)) (equalsInteger i4 i2) (delay (lessThanInteger i3 i1))))))))) (\i0 -> i1 2 1) (\i0 -> i1 2 2)) (force ifThenElse)))
exa9.== (program 1.0.0 ((\i0 -> \i0 -> i2 (\i0 -> \i0 -> i3 (\i0 -> \i0 -> force ((\i0 -> \i0 -> force ifThenElse i2 i1 (delay False)) (equalsInteger i4 i2) (delay (equalsInteger i3 i1)))))) (\i0 -> i1 1 1) (\i0 -> i1 1 2)))
exa9.<= (program 1.0.0 ((\i0 -> (\i0 -> \i0 -> i2 (\i0 -> \i0 -> i3 (\i0 -> \i0 -> force ((\i0 -> \i0 -> i9 i2 (delay True) i1) (lessThanInteger i4 i2) (delay (force ((\i0 -> \i0 -> i9 i2 i1 (delay False)) (equalsInteger i4 i2) (delay (lessThanEqualsInteger i3 i1))))))))) (\i0 -> i1 1 1) (\i0 -> i1 1 2)) (force ifThenElse)))
exa9.< (program 1.0.0 ((\i0 -> (\i0 -> \i0 -> i2 (\i0 -> \i0 -> i3 (\i0 -> \i0 -> force ((\i0 -> \i0 -> i9 i2 (delay True) i1) (lessThanInteger i4 i2) (delay (force ((\i0 -> \i0 -> i9 i2 i1 (delay False)) (equalsInteger i4 i2) (delay (lessThanInteger i3 i1))))))))) (\i0 -> i1 1 1) (\i0 -> i1 1 2)) (force ifThenElse)))
exa10.== (program 1.0.0 ((\i0 -> \i0 -> i2 (\i0 -> \i0 -> i3 (\i0 -> \i0 -> force ((\i0 -> \i0 -> force ifThenElse i2 i1 (delay False)) (equalsInteger i4 i2) (delay (equalsInteger i3 i1)))))) (\i0 -> i1 1 1) (\i0 -> i1 2 1)))
exa10.<= (program 1.0.0 ((\i0 -> (\i0 -> \i0 -> i2 (\i0 -> \i0 -> i3 (\i0 -> \i0 -> force ((\i0 -> \i0 -> i9 i2 (delay True) i1) (lessThanInteger i4 i2) (delay (force ((\i0 -> \i0 -> i9 i2 i1 (delay False)) (equalsInteger i4 i2) (delay (lessThanEqualsInteger i3 i1))))))))) (\i0 -> i1 1 1) (\i0 -> i1 2 1)) (force ifThenElse)))
exa10.< (program 1.0.0 ((\i0 -> (\i0 -> \i0 -> i2 (\i0 -> \i0 -> i3 (\i0 -> \i0 -> force ((\i0 -> \i0 -> i9 i2 (delay True) i1) (lessThanInteger i4 i2) (delay (force ((\i0 -> \i0 -> i9 i2 i1 (delay False)) (equalsInteger i4 i2) (delay (lessThanInteger i3 i1))))))))) (\i0 -> i1 1 1) (\i0 -> i1 2 1)) (force ifThenElse)))
exa11.== (program 1.0.0 ((\i0 -> \i0 -> i2 (\i0 -> \i0 -> i3 (\i0 -> \i0 -> force ((\i0 -> \i0 -> force ifThenElse i2 i1 (delay False)) (equalsInteger i4 i2) (delay (equalsInteger i3 i1)))))) (\i0 -> i1 1 1) (\i0 -> i1 1 1)))
exa11.<= (program 1.0.0 ((\i0 -> (\i0 -> \i0 -> i2 (\i0 -> \i0 -> i3 (\i0 -> \i0 -> force ((\i0 -> \i0 -> i9 i2 (delay True) i1) (lessThanInteger i4 i2) (delay (force ((\i0 -> \i0 -> i9 i2 i1 (delay False)) (equalsInteger i4 i2) (delay (lessThanEqualsInteger i3 i1))))))))) (\i0 -> i1 1 1) (\i0 -> i1 1 1)) (force ifThenElse)))
exa11.< (program 1.0.0 ((\i0 -> (\i0 -> \i0 -> i2 (\i0 -> \i0 -> i3 (\i0 -> \i0 -> force ((\i0 -> \i0 -> i9 i2 (delay True) i1) (lessThanInteger i4 i2) (delay (force ((\i0 -> \i0 -> i9 i2 i1 (delay False)) (equalsInteger i4 i2) (delay (lessThanInteger i3 i1))))))))) (\i0 -> i1 1 1) (\i0 -> i1 1 1)) (force ifThenElse)))
exa12.== (program 1.0.0 ((\i0 -> \i0 -> i2 (\i0 -> \i0 -> i3 (\i0 -> \i0 -> force ((\i0 -> \i0 -> force ifThenElse i2 i1 (delay False)) (equalsInteger i4 i2) (delay (equalsInteger i3 i1)))))) (\i0 -> i1 1 1) (\i0 -> i1 2 2)))
exa12.<= (program 1.0.0 ((\i0 -> (\i0 -> \i0 -> i2 (\i0 -> \i0 -> i3 (\i0 -> \i0 -> force ((\i0 -> \i0 -> i9 i2 (delay True) i1) (lessThanInteger i4 i2) (delay (force ((\i0 -> \i0 -> i9 i2 i1 (delay False)) (equalsInteger i4 i2) (delay (lessThanEqualsInteger i3 i1))))))))) (\i0 -> i1 1 1) (\i0 -> i1 2 2)) (force ifThenElse)))
exa12.< (program 1.0.0 ((\i0 -> (\i0 -> \i0 -> i2 (\i0 -> \i0 -> i3 (\i0 -> \i0 -> force ((\i0 -> \i0 -> i9 i2 (delay True) i1) (lessThanInteger i4 i2) (delay (force ((\i0 -> \i0 -> i9 i2 i1 (delay False)) (equalsInteger i4 i2) (delay (lessThanInteger i3 i1))))))))) (\i0 -> i1 1 1) (\i0 -> i1 2 2)) (force ifThenElse)))
exa13.== (program 1.0.0 ((\i0 -> \i0 -> i2 (\i0 -> \i0 -> i3 (\i0 -> \i0 -> force ((\i0 -> \i0 -> force ifThenElse i2 i1 (delay False)) (equalsInteger i4 i2) (delay (equalsInteger i3 i1)))))) (\i0 -> i1 2 2) (\i0 -> i1 1 2)))
exa13.<= (program 1.0.0 ((\i0 -> (\i0 -> \i0 -> i2 (\i0 -> \i0 -> i3 (\i0 -> \i0 -> force ((\i0 -> \i0 -> i9 i2 (delay True) i1) (lessThanInteger i4 i2) (delay (force ((\i0 -> \i0 -> i9 i2 i1 (delay False)) (equalsInteger i4 i2) (delay (lessThanEqualsInteger i3 i1))))))))) (\i0 -> i1 2 2) (\i0 -> i1 1 2)) (force ifThenElse)))
exa13.< (program 1.0.0 ((\i0 -> (\i0 -> \i0 -> i2 (\i0 -> \i0 -> i3 (\i0 -> \i0 -> force ((\i0 -> \i0 -> i9 i2 (delay True) i1) (lessThanInteger i4 i2) (delay (force ((\i0 -> \i0 -> i9 i2 i1 (delay False)) (equalsInteger i4 i2) (delay (lessThanInteger i3 i1))))))))) (\i0 -> i1 2 2) (\i0 -> i1 1 2)) (force ifThenElse)))
exa14.== (program 1.0.0 ((\i0 -> \i0 -> i2 (\i0 -> \i0 -> i3 (\i0 -> \i0 -> force ((\i0 -> \i0 -> force ifThenElse i2 i1 (delay False)) (equalsInteger i4 i2) (delay (equalsInteger i3 i1)))))) (\i0 -> i1 2 2) (\i0 -> i1 2 1)))
exa14.<= (program 1.0.0 ((\i0 -> (\i0 -> \i0 -> i2 (\i0 -> \i0 -> i3 (\i0 -> \i0 -> force ((\i0 -> \i0 -> i9 i2 (delay True) i1) (lessThanInteger i4 i2) (delay (force ((\i0 -> \i0 -> i9 i2 i1 (delay False)) (equalsInteger i4 i2) (delay (lessThanEqualsInteger i3 i1))))))))) (\i0 -> i1 2 2) (\i0 -> i1 2 1)) (force ifThenElse)))
exa14.< (program 1.0.0 ((\i0 -> (\i0 -> \i0 -> i2 (\i0 -> \i0 -> i3 (\i0 -> \i0 -> force ((\i0 -> \i0 -> i9 i2 (delay True) i1) (lessThanInteger i4 i2) (delay (force ((\i0 -> \i0 -> i9 i2 i1 (delay False)) (equalsInteger i4 i2) (delay (lessThanInteger i3 i1))))))))) (\i0 -> i1 2 2) (\i0 -> i1 2 1)) (force ifThenElse)))
exa15.== (program 1.0.0 ((\i0 -> \i0 -> i2 (\i0 -> \i0 -> i3 (\i0 -> \i0 -> force ((\i0 -> \i0 -> force ifThenElse i2 i1 (delay False)) (equalsInteger i4 i2) (delay (equalsInteger i3 i1)))))) (\i0 -> i1 2 2) (\i0 -> i1 1 1)))
exa15.<= (program 1.0.0 ((\i0 -> (\i0 -> \i0 -> i2 (\i0 -> \i0 -> i3 (\i0 -> \i0 -> force ((\i0 -> \i0 -> i9 i2 (delay True) i1) (lessThanInteger i4 i2) (delay (force ((\i0 -> \i0 -> i9 i2 i1 (delay False)) (equalsInteger i4 i2) (delay (lessThanEqualsInteger i3 i1))))))))) (\i0 -> i1 2 2) (\i0 -> i1 1 1)) (force ifThenElse)))
exa15.< (program 1.0.0 ((\i0 -> (\i0 -> \i0 -> i2 (\i0 -> \i0 -> i3 (\i0 -> \i0 -> force ((\i0 -> \i0 -> i9 i2 (delay True) i1) (lessThanInteger i4 i2) (delay (force ((\i0 -> \i0 -> i9 i2 i1 (delay False)) (equalsInteger i4 i2) (delay (lessThanInteger i3 i1))))))))) (\i0 -> i1 2 2) (\i0 -> i1 1 1)) (force ifThenElse)))
exa16.== (program 1.0.0 ((\i0 -> \i0 -> i2 (\i0 -> \i0 -> i3 (\i0 -> \i0 -> force ((\i0 -> \i0 -> force ifThenElse i2 i1 (delay False)) (equalsInteger i4 i2) (delay (equalsInteger i3 i1)))))) (\i0 -> i1 2 2) (\i0 -> i1 2 2)))
exa16.<= (program 1.0.0 ((\i0 -> (\i0 -> \i0 -> i2 (\i0 -> \i0 -> i3 (\i0 -> \i0 -> force ((\i0 -> \i0 -> i9 i2 (delay True) i1) (lessThanInteger i4 i2) (delay (force ((\i0 -> \i0 -> i9 i2 i1 (delay False)) (equalsInteger i4 i2) (delay (lessThanEqualsInteger i3 i1))))))))) (\i0 -> i1 2 2) (\i0 -> i1 2 2)) (force ifThenElse)))
exa16.< (program 1.0.0 ((\i0 -> (\i0 -> \i0 -> i2 (\i0 -> \i0 -> i3 (\i0 -> \i0 -> force ((\i0 -> \i0 -> i9 i2 (delay True) i1) (lessThanInteger i4 i2) (delay (force ((\i0 -> \i0 -> i9 i2 i1 (delay False)) (equalsInteger i4 i2) (delay (lessThanInteger i3 i1))))))))) (\i0 -> i1 2 2) (\i0 -> i1 2 2)) (force ifThenElse)))