pfindOwnInput (program 1.0.0 ((\i0 -> (\i0 -> (\i0 -> (\i0 -> (\i0 -> (\i0 -> (\i0 -> (\i0 -> (\i0 -> (\i0 -> (\i0 -> force (i5 (equalsInteger 1 i2) (delay ((\i0 -> \i0 -> i8 (\i0 -> \i0 -> \i0 -> force (i12 i1 (delay (\i0 -> \i0 -> force i1)) (delay (force (i10 (i2 (i13 i1)) (delay (\i0 -> \i0 -> i2 (i15 i3))) (delay (i3 i2 (i14 i1)))))))) (\i0 -> equalsData (i11 (i13 i2)) ((\i0 -> i12 (i14 i1)) (i11 (i13 i1)))) ((\i0 -> i9 (\i0 -> \i0 -> force (i12 i1 (delay [  ]) (delay (force mkCons (i3 (i13 i1)) (i2 (i14 i1))))))) (\i0 -> i1) i2)) ((\i0 -> unListData (i9 (i11 i1))) (i8 i4)) (i8 i1))) (delay error))) (i10 i2)) (force (force fstPair) i1)) (unConstrData (i5 (i6 i1)))) (i6 #d8799fd8799f9fd8799fd8799fd8799f41a0ff00ffd8799fd8799fd87a9f41a1ffd87a80ffa0d8799f41d0ffffffff9fd8799fd8799fd87a9f41a1ffd87a80ffa0d8799f41d0ffffffa0a141c0a149736f6d65746f6b656e018080d8799fd8799fd87980d87a80ffd8799fd87b80d87a80ffff9f45ab01fe235c4312301443abcdefff9fd8799f41d09f0102030405060708090affffffd8799f41b0ffffd87a9fd8799fd8799f41a0ff00ffffff)) (force ifThenElse)) (\i0 -> (\i0 -> i2 (\i0 -> i2 i2 i1)) (\i0 -> i2 (\i0 -> i2 i2 i1)))) (force (force chooseList))) (force headList)) (force tailList)) (\i0 -> i2 (unConstrData i1))) (force (force sndPair))))
pgetContinuingOutputs (program 1.0.0 ((\i0 -> (\i0 -> (\i0 -> (\i0 -> (\i0 -> (\i0 -> (\i0 -> (\i0 -> (\i0 -> (\i0 -> (\i0 -> (\i0 -> (\i0 -> (\i0 -> force (i5 (equalsInteger 1 i2) (delay ((\i0 -> \i0 -> \i0 -> i10 (\i0 -> \i0 -> \i0 -> force (i14 i1 (delay (\i0 -> \i0 -> force i1)) (delay (force (i11 (i2 (i17 i1)) (delay (\i0 -> \i0 -> i2 (i19 i3))) (delay (i3 i2 (i18 i1)))))))) (\i0 -> equalsData (i15 (i17 i2)) ((\i0 -> i16 (i18 i1)) (i15 (i17 i1)))) (i9 (\i0 -> i1) i3) (\i0 -> (\i0 -> i12 (\i0 -> \i0 -> force (i15 i1 (delay i16) (delay ((\i0 -> force (i13 (i4 i1) (delay (i18 i1 (i3 (i20 i2)))) (delay (i3 (i20 i2))))) (i18 i1)))))) ((\i0 -> \i0 -> equalsData i2 (i17 (i19 i1))) ((\i0 -> i16 (i18 i1)) (i15 (i16 (i17 i1))))) (i10 (\i0 -> i1) i3)) (delay (force (force trace "can't get any continuing outputs" (delay error))))) ((\i0 -> unListData (i12 (i14 i1))) (i11 i4)) ((\i0 -> unListData (i12 (i13 (i14 i1)))) (i11 i4)) (i11 i1))) (delay error))) (i13 i2)) (force (force fstPair) i1)) (unConstrData (i8 (i9 i1)))) (i9 #d8799fd8799f9fd8799fd8799fd8799f41a0ff00ffd8799fd8799fd87a9f41a1ffd87a80ffa0d8799f41d0ffffffff9fd8799fd8799fd87a9f41a1ffd87a80ffa0d8799f41d0ffffffa0a141c0a149736f6d65746f6b656e018080d8799fd8799fd87980d87a80ffd8799fd87b80d87a80ffff9f45ab01fe235c4312301443abcdefff9fd8799f41d09f0102030405060708090affffffd8799f41b0ffffd87a9fd8799fd8799f41a0ff00ffffff)) (force ifThenElse)) (\i0 -> i2 (\i0 -> \i0 -> force (i5 i1 (delay i6) (delay (i7 (i3 (i8 i1)) (i2 (i9 i1)))))))) (\i0 -> (\i0 -> i2 (\i0 -> i2 i2 i1)) (\i0 -> i2 (\i0 -> i2 i2 i1)))) (force (force chooseList))) [  ]) (force mkCons)) (force headList)) (force tailList)) (\i0 -> i2 (unConstrData i1))) (force (force sndPair))))
pfindDatum (program 1.0.0 ((\i0 -> (\i0 -> (\i0 -> (\i0 -> (\i0 -> \i0 -> (\i0 -> (\i0 -> i2 (\i0 -> i2 i2 i1)) (\i0 -> i2 (\i0 -> i2 i2 i1))) (\i0 -> \i0 -> \i0 -> force (force (force chooseList) i1 (delay (\i0 -> \i0 -> force i1)) (delay (force (force ifThenElse (i2 (i7 i1)) (delay (\i0 -> \i0 -> i2 (i9 i3))) (delay (i3 i2 (i6 i1)))))))) (\i0 -> equalsByteString i3 (unBData (i5 (i6 i1)))) i1 (\i0 -> \i0 -> \i0 -> i2 (i7 (i6 (i8 i3)))) (delay (\i0 -> \i0 -> force i1))) #d0 ((\i0 -> unListData (i3 ((\i0 -> i3 (i3 (i3 (i3 (i3 (i3 (i3 (i3 i1)))))))) (i4 i1)))) ((\i0 -> i3 (i4 i1)) #d8799fd8799f9fd8799fd8799fd8799f41a0ff00ffd8799fd8799fd87a9f41a1ffd87a80ffa0d8799f41d0ffffffff9fd8799fd8799fd87a9f41a1ffd87a80ffa0d8799f41d0ffffffa0a141c0a149736f6d65746f6b656e018080d8799fd8799fd87980d87a80ffd8799fd87b80d87a80ffff9f45ab01fe235c4312301443abcdefff9fd8799f41d09f0102030405060708090affffffd8799f41b0ffffd87a9fd8799fd8799f41a0ff00ffffff))) (force tailList)) (force headList)) (\i0 -> i2 (unConstrData i1))) (force (force sndPair))))