0 (program 1.0.0 ((\i0 -> \i0 -> addInteger (unIData (i2 i1)) (unIData (i2 (force tailList i1)))) (force headList)))