0 {"exBudgetCPU":148965,"exBudgetMemory":600,"scriptSizeBytes":23}