even.3 (program 1.0.0 ((\i0 -> equalsInteger (modInteger i1 2) 0) 3))
even.4 (program 1.0.0 ((\i0 -> equalsInteger (modInteger i1 2) 0) 4))
odd.3 (program 1.0.0 ((\i0 -> equalsInteger (modInteger i1 2) 1) 3))
odd.4 (program 1.0.0 ((\i0 -> equalsInteger (modInteger i1 2) 1) 4))