map.ex1 {"exBudgetCPU":10559037,"exBudgetMemory":27544,"scriptSizeBytes":143}
map.ex2 {"exBudgetCPU":1817388,"exBudgetMemory":5732,"scriptSizeBytes":110}