(program 1.0.0 (force ((\i0 -> \i0 -> force ifThenElse i2 i1 (delay False)) False (delay True))))