p1 {"exBudgetCPU":35949366,"exBudgetMemory":87322,"scriptSizeBytes":115}
p2 {"exBudgetCPU":30925386,"exBudgetMemory":83312,"scriptSizeBytes":110}