0 {"exBudgetCPU":2054437,"exBudgetMemory":7000,"scriptSizeBytes":64}