0 (program 1.0.0 ((\i0 -> (\i0 -> i2 (\i0 -> i2 i2 i1)) (\i0 -> i2 (\i0 -> i2 i2 i1))) (\i0 -> \i0 -> force (force (force chooseList) i1 (delay (\i0 -> \i0 -> force i1)) (delay ((\i0 -> \i0 -> \i0 -> \i0 -> i2 i4 i3) (force headList i1) (i2 (force tailList i1)))))) [1,3,1] (\i0 -> \i0 -> error) (delay error)))