eq.true.nothing {"exBudgetCPU":529100,"exBudgetMemory":2400,"scriptSizeBytes":34}
eq.true.just {"exBudgetCPU":876033,"exBudgetMemory":3001,"scriptSizeBytes":38}
eq.false.nothing-just {"exBudgetCPU":552100,"exBudgetMemory":2500,"scriptSizeBytes":36}
eq.false.just-just {"exBudgetCPU":876033,"exBudgetMemory":3001,"scriptSizeBytes":38}
pfromJust.nothing {"exBudgetCPU":100,"exBudgetMemory":100,"scriptSizeBytes":14}
pfromJust.just {"exBudgetCPU":600033,"exBudgetMemory":1801,"scriptSizeBytes":21}