0 {"exBudgetCPU":8163467,"exBudgetMemory":16009,"scriptSizeBytes":322}