normal {"exBudgetCPU":16172251,"exBudgetMemory":39792,"scriptSizeBytes":77}
do {"exBudgetCPU":16172251,"exBudgetMemory":39792,"scriptSizeBytes":77}
cont {"exBudgetCPU":16172251,"exBudgetMemory":39792,"scriptSizeBytes":77}
termcont {"exBudgetCPU":16172251,"exBudgetMemory":39792,"scriptSizeBytes":77}