A-as-0 (program 1.0.0 0)
B-as-1 (program 1.0.0 1)
swap.A (program 1.0.0 (force (force ifThenElse (equalsInteger 0 0) (delay 1) (delay 0))))
swap.B (program 1.0.0 (force (force ifThenElse (equalsInteger 1 0) (delay 1) (delay 0))))