0 (program 1.0.0 ((\i0 -> (\i0 -> (\i0 -> (\i0 -> (\i0 -> \i0 -> \i0 -> force (i3 ((\i0 -> (\i0 -> (\i0 -> i2 (\i0 -> i2 i2 i1)) (\i0 -> i2 (\i0 -> i2 i2 i1))) (\i0 -> \i0 -> force (force (force chooseList) i1 (delay False) (delay (force (i6 (equalsData (i8 i1) i3) (delay True) (delay (i2 (i7 i1))))))))) #581ccc1360b04bdd0825e0c6552abb2af9b4df75b71f0c7cca20256b1f4f (unListData ((\i0 -> i6 ((\i0 -> i6 (i6 (i6 (i6 (i6 (i6 (i6 i1))))))) (i7 i1))) (i5 (i6 i1))))) (delay ()) (delay error))) (force ifThenElse)) (force tailList)) (force headList)) (\i0 -> i2 (unConstrData i1))) (force (force sndPair))))