581c7193f387f7cc248ae69dabce6dc769638e55722e6ec7e9ab4ff05e9f