0 {"exBudgetCPU":625333,"exBudgetMemory":2200,"scriptSizeBytes":144}