0 (program 1.0.0 ((\i0 -> \i0 -> \i0 -> force (force ifThenElse ((\i0 -> (\i0 -> (\i0 -> i2 (\i0 -> i2 i2 i1)) (\i0 -> i2 (\i0 -> i2 i2 i1))) (\i0 -> \i0 -> force (force (force chooseList) i1 (delay False) (delay (force (force ifThenElse (equalsData (force headList i1) i3) (delay True) (delay (i2 (force tailList i1))))))))) #581ccc1360b04bdd0825e0c6552abb2af9b4df75b71f0c7cca20256b1f4f (unListData ((\i0 -> force headList ((\i0 -> force tailList (force tailList (force tailList (force tailList (force tailList (force tailList (force tailList i1))))))) (i4 i1))) (force headList (i3 i1))))) (delay ()) (delay error))) (\i0 -> force (force sndPair) (unConstrData i1))))