0 {"exBudgetCPU":389284,"exBudgetMemory":901,"scriptSizeBytes":18}