one (program 1.0.0 (force (force trace "foo" (delay ()))))
two (program 1.0.0 (force (force trace "foo" (delay (force (force trace "bar" (delay ())))))))