== {"exBudgetCPU":29873,"exBudgetMemory":200,"scriptSizeBytes":6}
< {"exBudgetCPU":29873,"exBudgetMemory":200,"scriptSizeBytes":6}
<= {"exBudgetCPU":29873,"exBudgetMemory":200,"scriptSizeBytes":6}