== (program 1.0.0 True)
< (program 1.0.0 False)
<= (program 1.0.0 True)